{
    "2D k=2 curve length": 5.352640006408969,
    "2D k=2 initial curve derivative evaluated at 0.0": {
        "__ndarray__": [
            2.2,
            1.5999999999999999
        ],
        "dtype": "float64",
        "shape": [
            2
        ]
    },
    "2D k=2 initial curve derivative evaluated at 0.5": {
        "__ndarray__": [
            3.0,
            7.3999999999999995
        ],
        "dtype": "float64",
        "shape": [
            2
        ]
    },
    "2D k=2 initial curve derivative evaluated at 0.75": {
        "__ndarray__": [
            3.0,
            7.3999999999999995
        ],
        "dtype": "float64",
        "shape": [
            2
        ]
    },
    "2D k=2 initial curve derivative evaluated at 1.0": {
        "__ndarray__": [
            3.0,
            7.3999999999999995
        ],
        "dtype": "float64",
        "shape": [
            2
        ]
    },
    "2D k=2 initial curve evaluated at 0.0": {
        "__ndarray__": [
            0.0,
            0.6
        ],
        "dtype": "float64",
        "shape": [
            2
        ]
    },
    "2D k=2 initial curve evaluated at 0.5": {
        "__ndarray__": [
            1.1,
            1.4
        ],
        "dtype": "float64",
        "shape": [
            2
        ]
    },
    "2D k=2 initial curve evaluated at 0.75": {
        "__ndarray__": [
            1.85,
            3.25
        ],
        "dtype": "float64",
        "shape": [
            2
        ]
    },
    "2D k=2 initial curve evaluated at 1.0": {
        "__ndarray__": [
            2.6,
            5.1
        ],
        "dtype": "float64",
        "shape": [
            2
        ]
    },
    "2D k=2 initial curve second derivative evaluated at 0.0": {
        "__ndarray__": [
            0.0,
            0.0
        ],
        "dtype": "float64",
        "shape": [
            2
        ]
    },
    "2D k=2 initial curve second derivative evaluated at 0.5": {
        "__ndarray__": [
            0.0,
            0.0
        ],
        "dtype": "float64",
        "shape": [
            2
        ]
    },
    "2D k=2 initial curve second derivative evaluated at 0.75": {
        "__ndarray__": [
            0.0,
            0.0
        ],
        "dtype": "float64",
        "shape": [
            2
        ]
    },
    "2D k=2 initial curve second derivative evaluated at 1.0": {
        "__ndarray__": [
            0.0,
            0.0
        ],
        "dtype": "float64",
        "shape": [
            2
        ]
    },
    "2D k=2 inserted knots curve derivative evaluated at 0.0": {
        "__ndarray__": [
            2.2,
            1.6
        ],
        "dtype": "float64",
        "shape": [
            2
        ]
    },
    "2D k=2 inserted knots curve derivative evaluated at 0.5": {
        "__ndarray__": [
            3.0,
            7.3999999999999995
        ],
        "dtype": "float64",
        "shape": [
            2
        ]
    },
    "2D k=2 inserted knots curve derivative evaluated at 0.75": {
        "__ndarray__": [
            3.0,
            7.3999999999999995
        ],
        "dtype": "float64",
        "shape": [
            2
        ]
    },
    "2D k=2 inserted knots curve derivative evaluated at 1.0": {
        "__ndarray__": [
            3.0,
            7.3999999999999995
        ],
        "dtype": "float64",
        "shape": [
            2
        ]
    },
    "2D k=2 inserted knots curve evaluated at 0.0": {
        "__ndarray__": [
            0.0,
            0.6
        ],
        "dtype": "float64",
        "shape": [
            2
        ]
    },
    "2D k=2 inserted knots curve evaluated at 0.5": {
        "__ndarray__": [
            1.1,
            1.4
        ],
        "dtype": "float64",
        "shape": [
            2
        ]
    },
    "2D k=2 inserted knots curve evaluated at 0.75": {
        "__ndarray__": [
            1.85,
            3.25
        ],
        "dtype": "float64",
        "shape": [
            2
        ]
    },
    "2D k=2 inserted knots curve evaluated at 1.0": {
        "__ndarray__": [
            2.6,
            5.1
        ],
        "dtype": "float64",
        "shape": [
            2
        ]
    },
    "2D k=2 inserted knots curve second derivative evaluated at 0.0": {
        "__ndarray__": [
            0.0,
            0.0
        ],
        "dtype": "float64",
        "shape": [
            2
        ]
    },
    "2D k=2 inserted knots curve second derivative evaluated at 0.5": {
        "__ndarray__": [
            0.0,
            0.0
        ],
        "dtype": "float64",
        "shape": [
            2
        ]
    },
    "2D k=2 inserted knots curve second derivative evaluated at 0.75": {
        "__ndarray__": [
            0.0,
            0.0
        ],
        "dtype": "float64",
        "shape": [
            2
        ]
    },
    "2D k=2 inserted knots curve second derivative evaluated at 1.0": {
        "__ndarray__": [
            0.0,
            0.0
        ],
        "dtype": "float64",
        "shape": [
            2
        ]
    },
    "2D k=3 curve length": 9.550214449482713,
    "2D k=3 initial curve derivative evaluated at 0.0": {
        "__ndarray__": [
            2.84,
            4.2
        ],
        "dtype": "float64",
        "shape": [
            2
        ]
    },
    "2D k=3 initial curve derivative evaluated at 0.5": {
        "__ndarray__": [
            3.58,
            8.8
        ],
        "dtype": "float64",
        "shape": [
            2
        ]
    },
    "2D k=3 initial curve derivative evaluated at 0.75": {
        "__ndarray__": [
            4.79,
            -11.4
        ],
        "dtype": "float64",
        "shape": [
            2
        ]
    },
    "2D k=3 initial curve derivative evaluated at 1.0": {
        "__ndarray__": [
            6.0,
            -31.6
        ],
        "dtype": "float64",
        "shape": [
            2
        ]
    },
    "2D k=3 initial curve evaluated at 0.0": {
        "__ndarray__": [
            0.0,
            0.45
        ],
        "dtype": "float64",
        "shape": [
            2
        ]
    },
    "2D k=3 initial curve evaluated at 0.5": {
        "__ndarray__": [
            1.605,
            3.7
        ],
        "dtype": "float64",
        "shape": [
            2
        ]
    },
    "2D k=3 initial curve evaluated at 0.75": {
        "__ndarray__": [
            2.65125,
            3.375
        ],
        "dtype": "float64",
        "shape": [
            2
        ]
    },
    "2D k=3 initial curve evaluated at 1.0": {
        "__ndarray__": [
            4.0,
            -2.0
        ],
        "dtype": "float64",
        "shape": [
            2
        ]
    },
    "2D k=3 initial curve second derivative evaluated at 0.0": {
        "__ndarray__": [
            1.4800000000000004,
            9.200000000000001
        ],
        "dtype": "float64",
        "shape": [
            2
        ]
    },
    "2D k=3 initial curve second derivative evaluated at 0.5": {
        "__ndarray__": [
            4.84,
            -80.80000000000001
        ],
        "dtype": "float64",
        "shape": [
            2
        ]
    },
    "2D k=3 initial curve second derivative evaluated at 0.75": {
        "__ndarray__": [
            4.84,
            -80.80000000000001
        ],
        "dtype": "float64",
        "shape": [
            2
        ]
    },
    "2D k=3 initial curve second derivative evaluated at 1.0": {
        "__ndarray__": [
            4.84,
            -80.80000000000001
        ],
        "dtype": "float64",
        "shape": [
            2
        ]
    },
    "2D k=3 inserted knots curve derivative evaluated at 0.0": {
        "__ndarray__": [
            2.84,
            4.199999999999999
        ],
        "dtype": "float64",
        "shape": [
            2
        ]
    },
    "2D k=3 inserted knots curve derivative evaluated at 0.5": {
        "__ndarray__": [
            3.5799999999999996,
            8.8
        ],
        "dtype": "float64",
        "shape": [
            2
        ]
    },
    "2D k=3 inserted knots curve derivative evaluated at 0.75": {
        "__ndarray__": [
            4.79,
            -11.4
        ],
        "dtype": "float64",
        "shape": [
            2
        ]
    },
    "2D k=3 inserted knots curve derivative evaluated at 1.0": {
        "__ndarray__": [
            6.0,
            -31.6
        ],
        "dtype": "float64",
        "shape": [
            2
        ]
    },
    "2D k=3 inserted knots curve evaluated at 0.0": {
        "__ndarray__": [
            0.0,
            0.45
        ],
        "dtype": "float64",
        "shape": [
            2
        ]
    },
    "2D k=3 inserted knots curve evaluated at 0.5": {
        "__ndarray__": [
            1.605,
            3.7
        ],
        "dtype": "float64",
        "shape": [
            2
        ]
    },
    "2D k=3 inserted knots curve evaluated at 0.75": {
        "__ndarray__": [
            2.6512499999999997,
            3.375
        ],
        "dtype": "float64",
        "shape": [
            2
        ]
    },
    "2D k=3 inserted knots curve evaluated at 1.0": {
        "__ndarray__": [
            4.0,
            -2.0
        ],
        "dtype": "float64",
        "shape": [
            2
        ]
    },
    "2D k=3 inserted knots curve second derivative evaluated at 0.0": {
        "__ndarray__": [
            1.4800000000000004,
            9.200000000000003
        ],
        "dtype": "float64",
        "shape": [
            2
        ]
    },
    "2D k=3 inserted knots curve second derivative evaluated at 0.5": {
        "__ndarray__": [
            4.840000000000003,
            -80.80000000000001
        ],
        "dtype": "float64",
        "shape": [
            2
        ]
    },
    "2D k=3 inserted knots curve second derivative evaluated at 0.75": {
        "__ndarray__": [
            4.840000000000003,
            -80.80000000000001
        ],
        "dtype": "float64",
        "shape": [
            2
        ]
    },
    "2D k=3 inserted knots curve second derivative evaluated at 1.0": {
        "__ndarray__": [
            4.840000000000003,
            -80.80000000000001
        ],
        "dtype": "float64",
        "shape": [
            2
        ]
    },
    "2D k=4 curve length": 10.590719596472848,
    "2D k=4 initial curve derivative evaluated at 0.0": {
        "__ndarray__": [
            5.4,
            13.200000000000001
        ],
        "dtype": "float64",
        "shape": [
            2
        ]
    },
    "2D k=4 initial curve derivative evaluated at 0.5": {
        "__ndarray__": [
            4.950000000000001,
            -5.760000000000001
        ],
        "dtype": "float64",
        "shape": [
            2
        ]
    },
    "2D k=4 initial curve derivative evaluated at 0.75": {
        "__ndarray__": [
            3.1874999999999996,
            0.0600000000000005
        ],
        "dtype": "float64",
        "shape": [
            2
        ]
    },
    "2D k=4 initial curve derivative evaluated at 1.0": {
        "__ndarray__": [
            -7.800000000000004,
            50.64
        ],
        "dtype": "float64",
        "shape": [
            2
        ]
    },
    "2D k=4 initial curve evaluated at 0.0": {
        "__ndarray__": [
            0.0,
            -0.6
        ],
        "dtype": "float64",
        "shape": [
            2
        ]
    },
    "2D k=4 initial curve evaluated at 0.5": {
        "__ndarray__": [
            2.075,
            2.44
        ],
        "dtype": "float64",
        "shape": [
            2
        ]
    },
    "2D k=4 initial curve evaluated at 0.75": {
        "__ndarray__": [
            3.284375,
            0.795
        ],
        "dtype": "float64",
        "shape": [
            2
        ]
    },
    "2D k=4 initial curve evaluated at 1.0": {
        "__ndarray__": [
            2.9,
            6.2
        ],
        "dtype": "float64",
        "shape": [
            2
        ]
    },
    "2D k=4 initial curve second derivative evaluated at 0.0": {
        "__ndarray__": [
            -13.199999999999996,
            -9.599999999999994
        ],
        "dtype": "float64",
        "shape": [
            2
        ]
    },
    "2D k=4 initial curve second derivative evaluated at 0.5": {
        "__ndarray__": [
            11.4,
            -66.24000000000001
        ],
        "dtype": "float64",
        "shape": [
            2
        ]
    },
    "2D k=4 initial curve second derivative evaluated at 0.75": {
        "__ndarray__": [
            -25.5,
            112.80000000000001
        ],
        "dtype": "float64",
        "shape": [
            2
        ]
    },
    "2D k=4 initial curve second derivative evaluated at 1.0": {
        "__ndarray__": [
            -62.400000000000006,
            291.84000000000003
        ],
        "dtype": "float64",
        "shape": [
            2
        ]
    },
    "2D k=4 inserted knots curve derivative evaluated at 0.0": {
        "__ndarray__": [
            5.4,
            13.2
        ],
        "dtype": "float64",
        "shape": [
            2
        ]
    },
    "2D k=4 inserted knots curve derivative evaluated at 0.5": {
        "__ndarray__": [
            4.949999999999999,
            -5.76
        ],
        "dtype": "float64",
        "shape": [
            2
        ]
    },
    "2D k=4 inserted knots curve derivative evaluated at 0.75": {
        "__ndarray__": [
            3.187499999999999,
            0.060000000000002274
        ],
        "dtype": "float64",
        "shape": [
            2
        ]
    },
    "2D k=4 inserted knots curve derivative evaluated at 1.0": {
        "__ndarray__": [
            -7.800000000000004,
            50.64
        ],
        "dtype": "float64",
        "shape": [
            2
        ]
    },
    "2D k=4 inserted knots curve evaluated at 0.0": {
        "__ndarray__": [
            0.0,
            -0.6
        ],
        "dtype": "float64",
        "shape": [
            2
        ]
    },
    "2D k=4 inserted knots curve evaluated at 0.5": {
        "__ndarray__": [
            2.075,
            2.4400000000000004
        ],
        "dtype": "float64",
        "shape": [
            2
        ]
    },
    "2D k=4 inserted knots curve evaluated at 0.75": {
        "__ndarray__": [
            3.284375,
            0.7949999999999998
        ],
        "dtype": "float64",
        "shape": [
            2
        ]
    },
    "2D k=4 inserted knots curve evaluated at 1.0": {
        "__ndarray__": [
            2.9,
            6.2
        ],
        "dtype": "float64",
        "shape": [
            2
        ]
    },
    "2D k=4 inserted knots curve second derivative evaluated at 0.0": {
        "__ndarray__": [
            -13.200000000000003,
            -9.599999999999994
        ],
        "dtype": "float64",
        "shape": [
            2
        ]
    },
    "2D k=4 inserted knots curve second derivative evaluated at 0.5": {
        "__ndarray__": [
            11.399999999999999,
            -66.24
        ],
        "dtype": "float64",
        "shape": [
            2
        ]
    },
    "2D k=4 inserted knots curve second derivative evaluated at 0.75": {
        "__ndarray__": [
            -25.5,
            112.80000000000001
        ],
        "dtype": "float64",
        "shape": [
            2
        ]
    },
    "2D k=4 inserted knots curve second derivative evaluated at 1.0": {
        "__ndarray__": [
            -62.400000000000006,
            291.84000000000003
        ],
        "dtype": "float64",
        "shape": [
            2
        ]
    },
    "LMS test k=2 curve length": 6.405881887836229,
    "LMS test k=2 initial curve derivative evaluated at 0.0": {
        "__ndarray__": [
            -1.1415680884709065,
            6.199923617124735,
            1.0000000000000007
        ],
        "dtype": "float64",
        "shape": [
            3
        ]
    },
    "LMS test k=2 initial curve derivative evaluated at 0.5": {
        "__ndarray__": [
            3.552713678800501e-15,
            -6.326376989155477,
            1.0000000000000036
        ],
        "dtype": "float64",
        "shape": [
            3
        ]
    },
    "LMS test k=2 initial curve derivative evaluated at 0.75": {
        "__ndarray__": [
            6.2862016670847645,
            0.7606747404686409,
            0.9999999999999982
        ],
        "dtype": "float64",
        "shape": [
            3
        ]
    },
    "LMS test k=2 initial curve derivative evaluated at 1.0": {
        "__ndarray__": [
            1.1415680884708852,
            6.199923617124733,
            1.0
        ],
        "dtype": "float64",
        "shape": [
            3
        ]
    },
    "LMS test k=2 initial curve evaluated at 0.0": {
        "__ndarray__": [
            1.0091651149461942,
            0.0006094621089555477,
            0.0
        ],
        "dtype": "float64",
        "shape": [
            3
        ]
    },
    "LMS test k=2 initial curve evaluated at 0.5": {
        "__ndarray__": [
            -0.9922354197318183,
            -2.7755575615628914e-16,
            0.5000000000000001
        ],
        "dtype": "float64",
        "shape": [
            3
        ]
    },
    "LMS test k=2 initial curve evaluated at 0.75": {
        "__ndarray__": [
            -0.0012573312930776598,
            -0.9998574741709246,
            0.7500000000000001
        ],
        "dtype": "float64",
        "shape": [
            3
        ]
    },
    "LMS test k=2 initial curve evaluated at 1.0": {
        "__ndarray__": [
            1.0091651149461938,
            -0.0006094621089557595,
            1.0
        ],
        "dtype": "float64",
        "shape": [
            3
        ]
    },
    "LMS test k=2 initial curve second derivative evaluated at 0.0": {
        "__ndarray__": [
            0.0,
            0.0,
            0.0
        ],
        "dtype": "float64",
        "shape": [
            3
        ]
    },
    "LMS test k=2 initial curve second derivative evaluated at 0.5": {
        "__ndarray__": [
            0.0,
            0.0,
            0.0
        ],
        "dtype": "float64",
        "shape": [
            3
        ]
    },
    "LMS test k=2 initial curve second derivative evaluated at 0.75": {
        "__ndarray__": [
            0.0,
            0.0,
            0.0
        ],
        "dtype": "float64",
        "shape": [
            3
        ]
    },
    "LMS test k=2 initial curve second derivative evaluated at 1.0": {
        "__ndarray__": [
            0.0,
            0.0,
            0.0
        ],
        "dtype": "float64",
        "shape": [
            3
        ]
    },
    "LMS test k=2 inserted knots curve derivative evaluated at 0.0": {
        "__ndarray__": [
            -1.1415680884709065,
            6.199923617124735,
            1.0000000000000007
        ],
        "dtype": "float64",
        "shape": [
            3
        ]
    },
    "LMS test k=2 inserted knots curve derivative evaluated at 0.5": {
        "__ndarray__": [
            3.552713678800501e-15,
            -6.326376989155477,
            1.0000000000000036
        ],
        "dtype": "float64",
        "shape": [
            3
        ]
    },
    "LMS test k=2 inserted knots curve derivative evaluated at 0.75": {
        "__ndarray__": [
            6.2862016670847645,
            0.7606747404686409,
            0.9999999999999982
        ],
        "dtype": "float64",
        "shape": [
            3
        ]
    },
    "LMS test k=2 inserted knots curve derivative evaluated at 1.0": {
        "__ndarray__": [
            1.1415680884708852,
            6.199923617124733,
            1.0
        ],
        "dtype": "float64",
        "shape": [
            3
        ]
    },
    "LMS test k=2 inserted knots curve evaluated at 0.0": {
        "__ndarray__": [
            1.0091651149461942,
            0.0006094621089555477,
            0.0
        ],
        "dtype": "float64",
        "shape": [
            3
        ]
    },
    "LMS test k=2 inserted knots curve evaluated at 0.5": {
        "__ndarray__": [
            -0.9922354197318183,
            -2.7755575615628914e-16,
            0.5000000000000001
        ],
        "dtype": "float64",
        "shape": [
            3
        ]
    },
    "LMS test k=2 inserted knots curve evaluated at 0.75": {
        "__ndarray__": [
            -0.0012573312930776598,
            -0.9998574741709246,
            0.7500000000000001
        ],
        "dtype": "float64",
        "shape": [
            3
        ]
    },
    "LMS test k=2 inserted knots curve evaluated at 1.0": {
        "__ndarray__": [
            1.0091651149461938,
            -0.0006094621089557595,
            1.0
        ],
        "dtype": "float64",
        "shape": [
            3
        ]
    },
    "LMS test k=2 inserted knots curve second derivative evaluated at 0.0": {
        "__ndarray__": [
            0.0,
            0.0,
            0.0
        ],
        "dtype": "float64",
        "shape": [
            3
        ]
    },
    "LMS test k=2 inserted knots curve second derivative evaluated at 0.5": {
        "__ndarray__": [
            0.0,
            0.0,
            0.0
        ],
        "dtype": "float64",
        "shape": [
            3
        ]
    },
    "LMS test k=2 inserted knots curve second derivative evaluated at 0.75": {
        "__ndarray__": [
            0.0,
            0.0,
            0.0
        ],
        "dtype": "float64",
        "shape": [
            3
        ]
    },
    "LMS test k=2 inserted knots curve second derivative evaluated at 1.0": {
        "__ndarray__": [
            0.0,
            0.0,
            0.0
        ],
        "dtype": "float64",
        "shape": [
            3
        ]
    },
    "LMS test k=2 projection test for point 0 distance": {
        "__ndarray__": [
            -0.26481950514463054,
            -0.5166524651361465,
            -1.2717043348868127
        ],
        "dtype": "float64",
        "shape": [
            3
        ]
    },
    "LMS test k=2 projection test for point 0 solution": 0.7717043348868128,
    "LMS test k=2 projection test for point 1 distance": {
        "__ndarray__": [
            1.1091651149461939,
            -0.5006094621089557,
            -0.8
        ],
        "dtype": "float64",
        "shape": [
            3
        ]
    },
    "LMS test k=2 projection test for point 1 solution": 0.0,
    "LMS test k=2 projection test for point 2 distance": {
        "__ndarray__": [
            0.0,
            0.0,
            0.0
        ],
        "dtype": "float64",
        "shape": [
            3
        ]
    },
    "LMS test k=2 projection test for point 2 solution": 0.75,
    "LMS test k=3 curve length": 6.314121266078092,
    "LMS test k=3 initial curve derivative evaluated at 0.0": {
        "__ndarray__": [
            -0.0015474871628988751,
            6.386011356623292,
            1.0000000000000038
        ],
        "dtype": "float64",
        "shape": [
            3
        ]
    },
    "LMS test k=3 initial curve derivative evaluated at 0.5": {
        "__ndarray__": [
            3.019806626980426e-14,
            -6.391976038101225,
            0.9999999999999964
        ],
        "dtype": "float64",
        "shape": [
            3
        ]
    },
    "LMS test k=3 initial curve derivative evaluated at 0.75": {
        "__ndarray__": [
            6.229132962863032,
            -0.0020543931703818075,
            1.0
        ],
        "dtype": "float64",
        "shape": [
            3
        ]
    },
    "LMS test k=3 initial curve derivative evaluated at 1.0": {
        "__ndarray__": [
            0.0015474871628562425,
            6.3860113566232855,
            1.0000000000000178
        ],
        "dtype": "float64",
        "shape": [
            3
        ]
    },
    "LMS test k=3 initial curve evaluated at 0.0": {
        "__ndarray__": [
            0.9999490251612622,
            -0.0003411285008810954,
            -2.7701870484382926e-17
        ],
        "dtype": "float64",
        "shape": [
            3
        ]
    },
    "LMS test k=3 initial curve evaluated at 0.5": {
        "__ndarray__": [
            -0.9998212291298862,
            -3.885780586188048e-16,
            0.5
        ],
        "dtype": "float64",
        "shape": [
            3
        ]
    },
    "LMS test k=3 initial curve evaluated at 0.75": {
        "__ndarray__": [
            0.00014465200333436956,
            -1.0001397140862265,
            0.75
        ],
        "dtype": "float64",
        "shape": [
            3
        ]
    },
    "LMS test k=3 initial curve evaluated at 1.0": {
        "__ndarray__": [
            0.999949025161262,
            0.0003411285008807886,
            1.0000000000000002
        ],
        "dtype": "float64",
        "shape": [
            3
        ]
    },
    "LMS test k=3 initial curve second derivative evaluated at 0.0": {
        "__ndarray__": [
            -38.91860397180855,
            -8.3825219306147,
            -7.105427357601002e-14
        ],
        "dtype": "float64",
        "shape": [
            3
        ]
    },
    "LMS test k=3 initial curve second derivative evaluated at 0.5": {
        "__ndarray__": [
            38.80016829034088,
            8.951483081938449,
            9.947598300641403e-14
        ],
        "dtype": "float64",
        "shape": [
            3
        ]
    },
    "LMS test k=3 initial curve second derivative evaluated at 0.75": {
        "__ndarray__": [
            -0.6414292684403335,
            39.78554534248744,
            -1.7053025658242404e-13
        ],
        "dtype": "float64",
        "shape": [
            3
        ]
    },
    "LMS test k=3 initial curve second derivative evaluated at 1.0": {
        "__ndarray__": [
            -38.91860397180943,
            8.382521930614805,
            3.979039320256561e-13
        ],
        "dtype": "float64",
        "shape": [
            3
        ]
    },
    "LMS test k=3 inserted knots curve derivative evaluated at 0.0": {
        "__ndarray__": [
            -0.0015474871628988751,
            6.386011356623292,
            1.0000000000000038
        ],
        "dtype": "float64",
        "shape": [
            3
        ]
    },
    "LMS test k=3 inserted knots curve derivative evaluated at 0.5": {
        "__ndarray__": [
            3.019806626980426e-14,
            -6.391976038101225,
            0.9999999999999964
        ],
        "dtype": "float64",
        "shape": [
            3
        ]
    },
    "LMS test k=3 inserted knots curve derivative evaluated at 0.75": {
        "__ndarray__": [
            6.229132962863032,
            -0.0020543931703818075,
            1.0
        ],
        "dtype": "float64",
        "shape": [
            3
        ]
    },
    "LMS test k=3 inserted knots curve derivative evaluated at 1.0": {
        "__ndarray__": [
            0.0015474871628562425,
            6.3860113566232855,
            1.0000000000000178
        ],
        "dtype": "float64",
        "shape": [
            3
        ]
    },
    "LMS test k=3 inserted knots curve evaluated at 0.0": {
        "__ndarray__": [
            0.9999490251612622,
            -0.0003411285008810954,
            -2.7701870484382926e-17
        ],
        "dtype": "float64",
        "shape": [
            3
        ]
    },
    "LMS test k=3 inserted knots curve evaluated at 0.5": {
        "__ndarray__": [
            -0.9998212291298862,
            -3.885780586188048e-16,
            0.5
        ],
        "dtype": "float64",
        "shape": [
            3
        ]
    },
    "LMS test k=3 inserted knots curve evaluated at 0.75": {
        "__ndarray__": [
            0.00014465200333436956,
            -1.0001397140862265,
            0.75
        ],
        "dtype": "float64",
        "shape": [
            3
        ]
    },
    "LMS test k=3 inserted knots curve evaluated at 1.0": {
        "__ndarray__": [
            0.999949025161262,
            0.0003411285008807886,
            1.0000000000000002
        ],
        "dtype": "float64",
        "shape": [
            3
        ]
    },
    "LMS test k=3 inserted knots curve second derivative evaluated at 0.0": {
        "__ndarray__": [
            -38.91860397180855,
            -8.3825219306147,
            -7.105427357601002e-14
        ],
        "dtype": "float64",
        "shape": [
            3
        ]
    },
    "LMS test k=3 inserted knots curve second derivative evaluated at 0.5": {
        "__ndarray__": [
            38.80016829034088,
            8.951483081938449,
            9.947598300641403e-14
        ],
        "dtype": "float64",
        "shape": [
            3
        ]
    },
    "LMS test k=3 inserted knots curve second derivative evaluated at 0.75": {
        "__ndarray__": [
            -0.6414292684403335,
            39.78554534248744,
            -1.7053025658242404e-13
        ],
        "dtype": "float64",
        "shape": [
            3
        ]
    },
    "LMS test k=3 inserted knots curve second derivative evaluated at 1.0": {
        "__ndarray__": [
            -38.91860397180943,
            8.382521930614805,
            3.979039320256561e-13
        ],
        "dtype": "float64",
        "shape": [
            3
        ]
    },
    "LMS test k=3 projection test for point 0 distance": {
        "__ndarray__": [
            -0.27140808770521346,
            -0.5082943172578595,
            -1.2706423461553695
        ],
        "dtype": "float64",
        "shape": [
            3
        ]
    },
    "LMS test k=3 projection test for point 0 solution": 0.7706423461553698,
    "LMS test k=3 projection test for point 1 distance": {
        "__ndarray__": [
            1.099949025161262,
            -0.4996588714991192,
            -0.7999999999999998
        ],
        "dtype": "float64",
        "shape": [
            3
        ]
    },
    "LMS test k=3 projection test for point 1 solution": 0.0,
    "LMS test k=3 projection test for point 2 distance": {
        "__ndarray__": [
            0.0,
            0.0,
            0.0
        ],
        "dtype": "float64",
        "shape": [
            3
        ]
    },
    "LMS test k=3 projection test for point 2 solution": 0.75,
    "LMS test k=4 curve length": 6.307929544627594,
    "LMS test k=4 initial curve derivative evaluated at 0.0": {
        "__ndarray__": [
            0.003959226195128451,
            6.280754960721049,
            0.9999999999999936
        ],
        "dtype": "float64",
        "shape": [
            3
        ]
    },
    "LMS test k=4 initial curve derivative evaluated at 0.5": {
        "__ndarray__": [
            1.3100631690576847e-14,
            -6.28451889535532,
            0.9999999999999929
        ],
        "dtype": "float64",
        "shape": [
            3
        ]
    },
    "LMS test k=4 initial curve derivative evaluated at 0.75": {
        "__ndarray__": [
            6.283476215945701,
            -0.005573935064509872,
            1.0000000000000258
        ],
        "dtype": "float64",
        "shape": [
            3
        ]
    },
    "LMS test k=4 initial curve derivative evaluated at 1.0": {
        "__ndarray__": [
            -0.003959226195085819,
            6.280754960721079,
            1.0000000000000782
        ],
        "dtype": "float64",
        "shape": [
            3
        ]
    },
    "LMS test k=4 initial curve evaluated at 0.0": {
        "__ndarray__": [
            1.0000045092433525,
            1.4013783518223927e-05,
            3.5856109886392594e-17
        ],
        "dtype": "float64",
        "shape": [
            3
        ]
    },
    "LMS test k=4 initial curve evaluated at 0.5": {
        "__ndarray__": [
            -0.999925538237914,
            -7.060324547225605e-16,
            0.4999999999999997
        ],
        "dtype": "float64",
        "shape": [
            3
        ]
    },
    "LMS test k=4 initial curve evaluated at 0.75": {
        "__ndarray__": [
            1.7229636530086134e-05,
            -0.9999802082944402,
            0.7500000000000006
        ],
        "dtype": "float64",
        "shape": [
            3
        ]
    },
    "LMS test k=4 initial curve evaluated at 1.0": {
        "__ndarray__": [
            1.0000045092433525,
            -1.4013783518373516e-05,
            1.0000000000000004
        ],
        "dtype": "float64",
        "shape": [
            3
        ]
    },
    "LMS test k=4 initial curve second derivative evaluated at 0.0": {
        "__ndarray__": [
            -40.282106202799696,
            0.06959323157701647,
            4.192202140984591e-13
        ],
        "dtype": "float64",
        "shape": [
            3
        ]
    },
    "LMS test k=4 initial curve second derivative evaluated at 0.5": {
        "__ndarray__": [
            39.07720352326956,
            3.055333763768431e-13,
            2.5579538487363607e-13
        ],
        "dtype": "float64",
        "shape": [
            3
        ]
    },
    "LMS test k=4 initial curve second derivative evaluated at 0.75": {
        "__ndarray__": [
            -0.061035940069615435,
            39.306091994816214,
            -5.258016244624741e-13
        ],
        "dtype": "float64",
        "shape": [
            3
        ]
    },
    "LMS test k=4 initial curve second derivative evaluated at 1.0": {
        "__ndarray__": [
            -40.28210620279674,
            -0.06959323157467634,
            4.320099833421409e-12
        ],
        "dtype": "float64",
        "shape": [
            3
        ]
    },
    "LMS test k=4 inserted knots curve derivative evaluated at 0.0": {
        "__ndarray__": [
            0.003959226195128451,
            6.280754960721049,
            0.9999999999999936
        ],
        "dtype": "float64",
        "shape": [
            3
        ]
    },
    "LMS test k=4 inserted knots curve derivative evaluated at 0.5": {
        "__ndarray__": [
            1.3100631690576847e-14,
            -6.28451889535532,
            0.9999999999999929
        ],
        "dtype": "float64",
        "shape": [
            3
        ]
    },
    "LMS test k=4 inserted knots curve derivative evaluated at 0.75": {
        "__ndarray__": [
            6.283476215945701,
            -0.005573935064509872,
            1.0000000000000258
        ],
        "dtype": "float64",
        "shape": [
            3
        ]
    },
    "LMS test k=4 inserted knots curve derivative evaluated at 1.0": {
        "__ndarray__": [
            -0.003959226195085819,
            6.280754960721079,
            1.0000000000000782
        ],
        "dtype": "float64",
        "shape": [
            3
        ]
    },
    "LMS test k=4 inserted knots curve evaluated at 0.0": {
        "__ndarray__": [
            1.0000045092433525,
            1.4013783518223927e-05,
            3.5856109886392594e-17
        ],
        "dtype": "float64",
        "shape": [
            3
        ]
    },
    "LMS test k=4 inserted knots curve evaluated at 0.5": {
        "__ndarray__": [
            -0.999925538237914,
            -7.060324547225605e-16,
            0.4999999999999997
        ],
        "dtype": "float64",
        "shape": [
            3
        ]
    },
    "LMS test k=4 inserted knots curve evaluated at 0.75": {
        "__ndarray__": [
            1.7229636530086134e-05,
            -0.9999802082944402,
            0.7500000000000006
        ],
        "dtype": "float64",
        "shape": [
            3
        ]
    },
    "LMS test k=4 inserted knots curve evaluated at 1.0": {
        "__ndarray__": [
            1.0000045092433525,
            -1.4013783518373516e-05,
            1.0000000000000004
        ],
        "dtype": "float64",
        "shape": [
            3
        ]
    },
    "LMS test k=4 inserted knots curve second derivative evaluated at 0.0": {
        "__ndarray__": [
            -40.282106202799696,
            0.06959323157701647,
            4.192202140984591e-13
        ],
        "dtype": "float64",
        "shape": [
            3
        ]
    },
    "LMS test k=4 inserted knots curve second derivative evaluated at 0.5": {
        "__ndarray__": [
            39.07720352326956,
            3.055333763768431e-13,
            2.5579538487363607e-13
        ],
        "dtype": "float64",
        "shape": [
            3
        ]
    },
    "LMS test k=4 inserted knots curve second derivative evaluated at 0.75": {
        "__ndarray__": [
            -0.061035940069615435,
            39.306091994816214,
            -5.258016244624741e-13
        ],
        "dtype": "float64",
        "shape": [
            3
        ]
    },
    "LMS test k=4 inserted knots curve second derivative evaluated at 1.0": {
        "__ndarray__": [
            -40.28210620279674,
            -0.06959323157467634,
            4.320099833421409e-12
        ],
        "dtype": "float64",
        "shape": [
            3
        ]
    },
    "LMS test k=4 projection test for point 0 distance": {
        "__ndarray__": [
            -0.27036959215646894,
            -0.5083551247370607,
            -1.270688152306847
        ],
        "dtype": "float64",
        "shape": [
            3
        ]
    },
    "LMS test k=4 projection test for point 0 solution": 0.7706881523149166,
    "LMS test k=4 projection test for point 1 distance": {
        "__ndarray__": [
            1.1000045092433526,
            -0.5000140137835184,
            -0.7999999999999996
        ],
        "dtype": "float64",
        "shape": [
            3
        ]
    },
    "LMS test k=4 projection test for point 1 solution": 0.0,
    "LMS test k=4 projection test for point 2 distance": {
        "__ndarray__": [
            0.0,
            0.0,
            0.0
        ],
        "dtype": "float64",
        "shape": [
            3
        ]
    },
    "LMS test k=4 projection test for point 2 solution": 0.75,
    "interpolation test k=2 curve length": 6.361223765764116,
    "interpolation test k=2 initial curve derivative evaluated at 0.0": {
        "__ndarray__": [
            -0.19931902928345835,
            6.278968045999892,
            1.0000000000000009
        ],
        "dtype": "float64",
        "shape": [
            3
        ]
    },
    "interpolation test k=2 initial curve derivative evaluated at 0.5": {
        "__ndarray__": [
            0.0,
            -6.282130832617375,
            0.9999999999999929
        ],
        "dtype": "float64",
        "shape": [
            3
        ]
    },
    "interpolation test k=2 initial curve derivative evaluated at 0.75": {
        "__ndarray__": [
            6.281340086196408,
            0.0996720605958501,
            1.0
        ],
        "dtype": "float64",
        "shape": [
            3
        ]
    },
    "interpolation test k=2 initial curve derivative evaluated at 1.0": {
        "__ndarray__": [
            0.19931902928344414,
            6.278968045999893,
            1.0
        ],
        "dtype": "float64",
        "shape": [
            3
        ]
    },
    "interpolation test k=2 initial curve evaluated at 0.0": {
        "__ndarray__": [
            1.0,
            0.0,
            0.0
        ],
        "dtype": "float64",
        "shape": [
            3
        ]
    },
    "interpolation test k=2 initial curve evaluated at 0.5": {
        "__ndarray__": [
            -0.9994965423831851,
            -1.0061396160665481e-16,
            0.5
        ],
        "dtype": "float64",
        "shape": [
            3
        ]
    },
    "interpolation test k=2 initial curve evaluated at 0.75": {
        "__ndarray__": [
            -3.993920169760579e-06,
            -0.9996224305511582,
            0.75
        ],
        "dtype": "float64",
        "shape": [
            3
        ]
    },
    "interpolation test k=2 initial curve evaluated at 1.0": {
        "__ndarray__": [
            1.0,
            -2.4492935982947064e-16,
            1.0
        ],
        "dtype": "float64",
        "shape": [
            3
        ]
    },
    "interpolation test k=2 initial curve second derivative evaluated at 0.0": {
        "__ndarray__": [
            0.0,
            0.0,
            0.0
        ],
        "dtype": "float64",
        "shape": [
            3
        ]
    },
    "interpolation test k=2 initial curve second derivative evaluated at 0.5": {
        "__ndarray__": [
            0.0,
            0.0,
            0.0
        ],
        "dtype": "float64",
        "shape": [
            3
        ]
    },
    "interpolation test k=2 initial curve second derivative evaluated at 0.75": {
        "__ndarray__": [
            0.0,
            0.0,
            0.0
        ],
        "dtype": "float64",
        "shape": [
            3
        ]
    },
    "interpolation test k=2 initial curve second derivative evaluated at 1.0": {
        "__ndarray__": [
            0.0,
            0.0,
            0.0
        ],
        "dtype": "float64",
        "shape": [
            3
        ]
    },
    "interpolation test k=2 inserted knots curve derivative evaluated at 0.0": {
        "__ndarray__": [
            -0.19931902928345835,
            6.278968045999892,
            1.0000000000000009
        ],
        "dtype": "float64",
        "shape": [
            3
        ]
    },
    "interpolation test k=2 inserted knots curve derivative evaluated at 0.5": {
        "__ndarray__": [
            0.0,
            -6.282130832617375,
            0.9999999999999929
        ],
        "dtype": "float64",
        "shape": [
            3
        ]
    },
    "interpolation test k=2 inserted knots curve derivative evaluated at 0.75": {
        "__ndarray__": [
            6.281340086196408,
            0.0996720605958501,
            1.0
        ],
        "dtype": "float64",
        "shape": [
            3
        ]
    },
    "interpolation test k=2 inserted knots curve derivative evaluated at 1.0": {
        "__ndarray__": [
            0.19931902928344414,
            6.278968045999893,
            1.0
        ],
        "dtype": "float64",
        "shape": [
            3
        ]
    },
    "interpolation test k=2 inserted knots curve evaluated at 0.0": {
        "__ndarray__": [
            1.0,
            0.0,
            0.0
        ],
        "dtype": "float64",
        "shape": [
            3
        ]
    },
    "interpolation test k=2 inserted knots curve evaluated at 0.5": {
        "__ndarray__": [
            -0.9994965423831851,
            -1.0061396160665481e-16,
            0.5
        ],
        "dtype": "float64",
        "shape": [
            3
        ]
    },
    "interpolation test k=2 inserted knots curve evaluated at 0.75": {
        "__ndarray__": [
            -3.993920169760579e-06,
            -0.9996224305511582,
            0.75
        ],
        "dtype": "float64",
        "shape": [
            3
        ]
    },
    "interpolation test k=2 inserted knots curve evaluated at 1.0": {
        "__ndarray__": [
            1.0,
            -2.4492935982947064e-16,
            1.0
        ],
        "dtype": "float64",
        "shape": [
            3
        ]
    },
    "interpolation test k=2 inserted knots curve second derivative evaluated at 0.0": {
        "__ndarray__": [
            0.0,
            0.0,
            0.0
        ],
        "dtype": "float64",
        "shape": [
            3
        ]
    },
    "interpolation test k=2 inserted knots curve second derivative evaluated at 0.5": {
        "__ndarray__": [
            0.0,
            0.0,
            0.0
        ],
        "dtype": "float64",
        "shape": [
            3
        ]
    },
    "interpolation test k=2 inserted knots curve second derivative evaluated at 0.75": {
        "__ndarray__": [
            0.0,
            0.0,
            0.0
        ],
        "dtype": "float64",
        "shape": [
            3
        ]
    },
    "interpolation test k=2 inserted knots curve second derivative evaluated at 1.0": {
        "__ndarray__": [
            0.0,
            0.0,
            0.0
        ],
        "dtype": "float64",
        "shape": [
            3
        ]
    },
    "interpolation test k=2 projection test for point 0 distance": {
        "__ndarray__": [
            -0.2771977381460451,
            -0.5078817079555903,
            -1.269600810877136
        ],
        "dtype": "float64",
        "shape": [
            3
        ]
    },
    "interpolation test k=2 projection test for point 0 solution": 0.769600810877136,
    "interpolation test k=2 projection test for point 1 distance": {
        "__ndarray__": [
            1.1,
            -0.5000000000000002,
            -0.8
        ],
        "dtype": "float64",
        "shape": [
            3
        ]
    },
    "interpolation test k=2 projection test for point 1 solution": 0.0,
    "interpolation test k=2 projection test for point 2 distance": {
        "__ndarray__": [
            0.0,
            0.0,
            0.0
        ],
        "dtype": "float64",
        "shape": [
            3
        ]
    },
    "interpolation test k=2 projection test for point 2 solution": 0.75,
    "interpolation test k=3 curve length": 6.361215886119691,
    "interpolation test k=3 initial curve derivative evaluated at 0.0": {
        "__ndarray__": [
            -0.0002423241372184748,
            6.289763755319742,
            1.0000000000000004
        ],
        "dtype": "float64",
        "shape": [
            3
        ]
    },
    "interpolation test k=3 initial curve derivative evaluated at 0.5": {
        "__ndarray__": [
            0.0,
            -6.2852944153992905,
            0.9999999999999929
        ],
        "dtype": "float64",
        "shape": [
            3
        ]
    },
    "interpolation test k=3 initial curve derivative evaluated at 0.75": {
        "__ndarray__": [
            6.282921280251018,
            2.5102964144707585e-05,
            0.9999999999999858
        ],
        "dtype": "float64",
        "shape": [
            3
        ]
    },
    "interpolation test k=3 initial curve derivative evaluated at 1.0": {
        "__ndarray__": [
            0.00024232413716163137,
            6.289763755319748,
            0.9999999999999716
        ],
        "dtype": "float64",
        "shape": [
            3
        ]
    },
    "interpolation test k=3 initial curve evaluated at 0.0": {
        "__ndarray__": [
            1.0,
            0.0,
            0.0
        ],
        "dtype": "float64",
        "shape": [
            3
        ]
    },
    "interpolation test k=3 initial curve evaluated at 0.5": {
        "__ndarray__": [
            -0.9999998732013923,
            -7.632783294297951e-17,
            0.5
        ],
        "dtype": "float64",
        "shape": [
            3
        ]
    },
    "interpolation test k=3 initial curve evaluated at 0.75": {
        "__ndarray__": [
            -1.998468667902681e-06,
            -0.9999999445236141,
            0.7500000000000001
        ],
        "dtype": "float64",
        "shape": [
            3
        ]
    },
    "interpolation test k=3 initial curve evaluated at 1.0": {
        "__ndarray__": [
            1.0,
            -2.4492935982947064e-16,
            1.0
        ],
        "dtype": "float64",
        "shape": [
            3
        ]
    },
    "interpolation test k=3 initial curve second derivative evaluated at 0.0": {
        "__ndarray__": [
            -39.417187618950265,
            -2.137550445330362,
            8.526512829121202e-14
        ],
        "dtype": "float64",
        "shape": [
            3
        ]
    },
    "interpolation test k=3 initial curve second derivative evaluated at 0.5": {
        "__ndarray__": [
            39.46516279399657,
            1.2527787816366072,
            0.0
        ],
        "dtype": "float64",
        "shape": [
            3
        ]
    },
    "interpolation test k=3 initial curve second derivative evaluated at 0.75": {
        "__ndarray__": [
            0.6264682458199786,
            39.48007176500141,
            -2.7284841053187847e-12
        ],
        "dtype": "float64",
        "shape": [
            3
        ]
    },
    "interpolation test k=3 initial curve second derivative evaluated at 1.0": {
        "__ndarray__": [
            -39.41718761895936,
            2.1375504453312977,
            -1.8189894035458565e-12
        ],
        "dtype": "float64",
        "shape": [
            3
        ]
    },
    "interpolation test k=3 inserted knots curve derivative evaluated at 0.0": {
        "__ndarray__": [
            -0.0002423241372184748,
            6.289763755319742,
            1.0000000000000004
        ],
        "dtype": "float64",
        "shape": [
            3
        ]
    },
    "interpolation test k=3 inserted knots curve derivative evaluated at 0.5": {
        "__ndarray__": [
            0.0,
            -6.2852944153992905,
            0.9999999999999929
        ],
        "dtype": "float64",
        "shape": [
            3
        ]
    },
    "interpolation test k=3 inserted knots curve derivative evaluated at 0.75": {
        "__ndarray__": [
            6.282921280251018,
            2.5102964144707585e-05,
            0.9999999999999858
        ],
        "dtype": "float64",
        "shape": [
            3
        ]
    },
    "interpolation test k=3 inserted knots curve derivative evaluated at 1.0": {
        "__ndarray__": [
            0.00024232413716163137,
            6.289763755319748,
            0.9999999999999716
        ],
        "dtype": "float64",
        "shape": [
            3
        ]
    },
    "interpolation test k=3 inserted knots curve evaluated at 0.0": {
        "__ndarray__": [
            1.0,
            0.0,
            0.0
        ],
        "dtype": "float64",
        "shape": [
            3
        ]
    },
    "interpolation test k=3 inserted knots curve evaluated at 0.5": {
        "__ndarray__": [
            -0.9999998732013923,
            -7.632783294297951e-17,
            0.5
        ],
        "dtype": "float64",
        "shape": [
            3
        ]
    },
    "interpolation test k=3 inserted knots curve evaluated at 0.75": {
        "__ndarray__": [
            -1.998468667902681e-06,
            -0.9999999445236141,
            0.7500000000000001
        ],
        "dtype": "float64",
        "shape": [
            3
        ]
    },
    "interpolation test k=3 inserted knots curve evaluated at 1.0": {
        "__ndarray__": [
            1.0,
            -2.4492935982947064e-16,
            1.0
        ],
        "dtype": "float64",
        "shape": [
            3
        ]
    },
    "interpolation test k=3 inserted knots curve second derivative evaluated at 0.0": {
        "__ndarray__": [
            -39.417187618950265,
            -2.137550445330362,
            8.526512829121202e-14
        ],
        "dtype": "float64",
        "shape": [
            3
        ]
    },
    "interpolation test k=3 inserted knots curve second derivative evaluated at 0.5": {
        "__ndarray__": [
            39.46516279399657,
            1.2527787816366072,
            0.0
        ],
        "dtype": "float64",
        "shape": [
            3
        ]
    },
    "interpolation test k=3 inserted knots curve second derivative evaluated at 0.75": {
        "__ndarray__": [
            0.6264682458199786,
            39.48007176500141,
            -2.7284841053187847e-12
        ],
        "dtype": "float64",
        "shape": [
            3
        ]
    },
    "interpolation test k=3 inserted knots curve second derivative evaluated at 1.0": {
        "__ndarray__": [
            -39.41718761895936,
            2.1375504453312977,
            -1.8189894035458565e-12
        ],
        "dtype": "float64",
        "shape": [
            3
        ]
    },
    "interpolation test k=3 projection test for point 0 distance": {
        "__ndarray__": [
            -0.27040661218658035,
            -0.5084328535611385,
            -1.2706839285995981
        ],
        "dtype": "float64",
        "shape": [
            3
        ]
    },
    "interpolation test k=3 projection test for point 0 solution": 0.7706839285995983,
    "interpolation test k=3 projection test for point 1 distance": {
        "__ndarray__": [
            1.1,
            -0.5000000000000002,
            -0.8
        ],
        "dtype": "float64",
        "shape": [
            3
        ]
    },
    "interpolation test k=3 projection test for point 1 solution": 0.0,
    "interpolation test k=3 projection test for point 2 distance": {
        "__ndarray__": [
            0.0,
            0.0,
            0.0
        ],
        "dtype": "float64",
        "shape": [
            3
        ]
    },
    "interpolation test k=3 projection test for point 2 solution": 0.75,
    "interpolation test k=4 curve length": 6.36120975576156,
    "interpolation test k=4 initial curve derivative evaluated at 0.0": {
        "__ndarray__": [
            0.0002878354608810696,
            6.28320303303827,
            1.0000000000000009
        ],
        "dtype": "float64",
        "shape": [
            3
        ]
    },
    "interpolation test k=4 initial curve derivative evaluated at 0.5": {
        "__ndarray__": [
            -7.105427357601002e-15,
            -6.2831855372556,
            0.9999999999999991
        ],
        "dtype": "float64",
        "shape": [
            3
        ]
    },
    "interpolation test k=4 initial curve derivative evaluated at 0.75": {
        "__ndarray__": [
            6.2831851886871295,
            1.2556749427350411e-05,
            0.999999999999992
        ],
        "dtype": "float64",
        "shape": [
            3
        ]
    },
    "interpolation test k=4 initial curve derivative evaluated at 1.0": {
        "__ndarray__": [
            -0.0002878354609094913,
            6.283203033038283,
            1.0000000000000284
        ],
        "dtype": "float64",
        "shape": [
            3
        ]
    },
    "interpolation test k=4 initial curve evaluated at 0.0": {
        "__ndarray__": [
            1.0,
            0.0,
            0.0
        ],
        "dtype": "float64",
        "shape": [
            3
        ]
    },
    "interpolation test k=4 initial curve evaluated at 0.5": {
        "__ndarray__": [
            -0.9999999577054185,
            -8.066464163292153e-17,
            0.5
        ],
        "dtype": "float64",
        "shape": [
            3
        ]
    },
    "interpolation test k=4 initial curve evaluated at 0.75": {
        "__ndarray__": [
            -8.384248342254916e-10,
            -0.9999999762112932,
            0.7500000000000001
        ],
        "dtype": "float64",
        "shape": [
            3
        ]
    },
    "interpolation test k=4 initial curve evaluated at 1.0": {
        "__ndarray__": [
            1.0,
            -2.4492935982947064e-16,
            1.0
        ],
        "dtype": "float64",
        "shape": [
            3
        ]
    },
    "interpolation test k=4 initial curve second derivative evaluated at 0.0": {
        "__ndarray__": [
            -39.59038300543398,
            -0.006273334568277278,
            0.0
        ],
        "dtype": "float64",
        "shape": [
            3
        ]
    },
    "interpolation test k=4 initial curve second derivative evaluated at 0.5": {
        "__ndarray__": [
            39.47178858568259,
            -1.5916157281026244e-12,
            0.0
        ],
        "dtype": "float64",
        "shape": [
            3
        ]
    },
    "interpolation test k=4 initial curve second derivative evaluated at 0.75": {
        "__ndarray__": [
            0.0001577265708192499,
            39.47676011978547,
            2.5011104298755527e-12
        ],
        "dtype": "float64",
        "shape": [
            3
        ]
    },
    "interpolation test k=4 initial curve second derivative evaluated at 1.0": {
        "__ndarray__": [
            -39.590383005439435,
            0.006273334571497659,
            7.275957614183426e-12
        ],
        "dtype": "float64",
        "shape": [
            3
        ]
    },
    "interpolation test k=4 inserted knots curve derivative evaluated at 0.0": {
        "__ndarray__": [
            0.0002878354608810696,
            6.28320303303827,
            1.0000000000000009
        ],
        "dtype": "float64",
        "shape": [
            3
        ]
    },
    "interpolation test k=4 inserted knots curve derivative evaluated at 0.5": {
        "__ndarray__": [
            -7.105427357601002e-15,
            -6.2831855372556,
            0.9999999999999991
        ],
        "dtype": "float64",
        "shape": [
            3
        ]
    },
    "interpolation test k=4 inserted knots curve derivative evaluated at 0.75": {
        "__ndarray__": [
            6.2831851886871295,
            1.2556749427350411e-05,
            0.999999999999992
        ],
        "dtype": "float64",
        "shape": [
            3
        ]
    },
    "interpolation test k=4 inserted knots curve derivative evaluated at 1.0": {
        "__ndarray__": [
            -0.0002878354609094913,
            6.283203033038283,
            1.0000000000000284
        ],
        "dtype": "float64",
        "shape": [
            3
        ]
    },
    "interpolation test k=4 inserted knots curve evaluated at 0.0": {
        "__ndarray__": [
            1.0,
            0.0,
            0.0
        ],
        "dtype": "float64",
        "shape": [
            3
        ]
    },
    "interpolation test k=4 inserted knots curve evaluated at 0.5": {
        "__ndarray__": [
            -0.9999999577054185,
            -8.066464163292153e-17,
            0.5
        ],
        "dtype": "float64",
        "shape": [
            3
        ]
    },
    "interpolation test k=4 inserted knots curve evaluated at 0.75": {
        "__ndarray__": [
            -8.384248342254916e-10,
            -0.9999999762112932,
            0.7500000000000001
        ],
        "dtype": "float64",
        "shape": [
            3
        ]
    },
    "interpolation test k=4 inserted knots curve evaluated at 1.0": {
        "__ndarray__": [
            1.0,
            -2.4492935982947064e-16,
            1.0
        ],
        "dtype": "float64",
        "shape": [
            3
        ]
    },
    "interpolation test k=4 inserted knots curve second derivative evaluated at 0.0": {
        "__ndarray__": [
            -39.59038300543398,
            -0.006273334568277278,
            0.0
        ],
        "dtype": "float64",
        "shape": [
            3
        ]
    },
    "interpolation test k=4 inserted knots curve second derivative evaluated at 0.5": {
        "__ndarray__": [
            39.47178858568259,
            -1.5916157281026244e-12,
            0.0
        ],
        "dtype": "float64",
        "shape": [
            3
        ]
    },
    "interpolation test k=4 inserted knots curve second derivative evaluated at 0.75": {
        "__ndarray__": [
            0.0001577265708192499,
            39.47676011978547,
            2.5011104298755527e-12
        ],
        "dtype": "float64",
        "shape": [
            3
        ]
    },
    "interpolation test k=4 inserted knots curve second derivative evaluated at 1.0": {
        "__ndarray__": [
            -39.590383005439435,
            0.006273334571497659,
            7.275957614183426e-12
        ],
        "dtype": "float64",
        "shape": [
            3
        ]
    },
    "interpolation test k=4 projection test for point 0 distance": {
        "__ndarray__": [
            -0.27040645291304843,
            -0.5084328296075177,
            -1.2706836273979165
        ],
        "dtype": "float64",
        "shape": [
            3
        ]
    },
    "interpolation test k=4 projection test for point 0 solution": 0.7706836273979166,
    "interpolation test k=4 projection test for point 1 distance": {
        "__ndarray__": [
            1.1,
            -0.5000000000000002,
            -0.8
        ],
        "dtype": "float64",
        "shape": [
            3
        ]
    },
    "interpolation test k=4 projection test for point 1 solution": 0.0,
    "interpolation test k=4 projection test for point 2 distance": {
        "__ndarray__": [
            0.0,
            0.0,
            0.0
        ],
        "dtype": "float64",
        "shape": [
            3
        ]
    },
    "interpolation test k=4 projection test for point 2 solution": 0.75
}